#-----------------------------------------------------------
# Vivado v2023.1 (64-bit)
# SW Build 3865809 on Sun May  7 15:05:29 MDT 2023
# IP Build 3864474 on Sun May  7 20:36:21 MDT 2023
# SharedData Build 3865790 on Sun May 07 13:33:03 MDT 2023
# Start of session at: Sat Nov  2 20:52:23 2024
# Process ID: 14312
# Current directory: E:/86152/FPGA/Verilog/file_management/UDP_OFDM/rtl/UDP_DDR_OFDM/src/OFDM/tb/tb/tb.runs/ofdm_tx_interleaver_1_0_0_synth_1
# Command line: vivado.exe -log ofdm_tx_interleaver_1_0_0.vds -product Vivado -mode batch -messageDb vivado.pb -notrace -source ofdm_tx_interleaver_1_0_0.tcl
# Log file: E:/86152/FPGA/Verilog/file_management/UDP_OFDM/rtl/UDP_DDR_OFDM/src/OFDM/tb/tb/tb.runs/ofdm_tx_interleaver_1_0_0_synth_1/ofdm_tx_interleaver_1_0_0.vds
# Journal file: E:/86152/FPGA/Verilog/file_management/UDP_OFDM/rtl/UDP_DDR_OFDM/src/OFDM/tb/tb/tb.runs/ofdm_tx_interleaver_1_0_0_synth_1\vivado.jou
# Running On: LAPTOP-Q21U1JRJ, OS: Windows, CPU Frequency: 2496 MHz, CPU Physical cores: 4, Host memory: 16952 MB
#-----------------------------------------------------------
source ofdm_tx_interleaver_1_0_0.tcl -notrace
